// Jest Snapshot v1, https://goo.gl/fbAQLP

exports[`dice component matches snapshot 1`] = `
<div
  class="justify-content-center pt-4 row"
  data-testid="dice"
>
  <img
    class="undefined"
    data-testid="value"
    data-value="5"
    src="dice5.png"
    style="width: 70px;"
  />
</div>
`;
